Watching for file changes with StatReloader
System check identified some issues:

WARNINGS:
todos.Todo: (models.W042) Auto-created primary key used when not defining a primary key type, by default 'django.db.models.AutoField'.
	HINT: Configure the DEFAULT_AUTO_FIELD setting or the TodosConfig.default_auto_field attribute to point to a subclass of AutoField, e.g. 'django.db.models.BigAutoField'.

System check identified 1 issue (0 silenced).
Performing system checks...

August 16, 2025 - 12:36:33
Django version 5.2.5, using settings 'todoApp.settings'
Starting development server at http://0.0.0.0:8000/
Quit the server with CONTROL-C.

WARNING: This is a development server. Do not use it in a production setting. Use a production WSGI or ASGI server instead.
For more information on production servers see: https://docs.djangoproject.com/en/5.2/howto/deployment/
Watching for file changes with StatReloader
System check identified some issues:

WARNINGS:
todos.Todo: (models.W042) Auto-created primary key used when not defining a primary key type, by default 'django.db.models.AutoField'.
	HINT: Configure the DEFAULT_AUTO_FIELD setting or the TodosConfig.default_auto_field attribute to point to a subclass of AutoField, e.g. 'django.db.models.BigAutoField'.

System check identified 1 issue (0 silenced).
[16/Aug/2025 12:37:59] "GET /todos/ HTTP/1.1" 200 3515
[16/Aug/2025 12:37:59] "GET /static/css/style.css HTTP/1.1" 304 0
Performing system checks...

August 16, 2025 - 12:37:53
Django version 5.2.5, using settings 'todoApp.settings'
Starting development server at http://0.0.0.0:8000/
Quit the server with CONTROL-C.

WARNING: This is a development server. Do not use it in a production setting. Use a production WSGI or ASGI server instead.
For more information on production servers see: https://docs.djangoproject.com/en/5.2/howto/deployment/
Watching for file changes with StatReloader
System check identified some issues:

WARNINGS:
todos.Todo: (models.W042) Auto-created primary key used when not defining a primary key type, by default 'django.db.models.AutoField'.
	HINT: Configure the DEFAULT_AUTO_FIELD setting or the TodosConfig.default_auto_field attribute to point to a subclass of AutoField, e.g. 'django.db.models.BigAutoField'.

System check identified 1 issue (0 silenced).
Performing system checks...

August 16, 2025 - 12:41:25
Django version 5.2.5, using settings 'todoApp.settings'
Starting development server at http://0.0.0.0:8001/
Quit the server with CONTROL-C.

WARNING: This is a development server. Do not use it in a production setting. Use a production WSGI or ASGI server instead.
For more information on production servers see: https://docs.djangoproject.com/en/5.2/howto/deployment/
Watching for file changes with StatReloader
System check identified some issues:

WARNINGS:
todos.Todo: (models.W042) Auto-created primary key used when not defining a primary key type, by default 'django.db.models.AutoField'.
	HINT: Configure the DEFAULT_AUTO_FIELD setting or the TodosConfig.default_auto_field attribute to point to a subclass of AutoField, e.g. 'django.db.models.BigAutoField'.

System check identified 1 issue (0 silenced).
[16/Aug/2025 12:43:24] "GET / HTTP/1.1" 302 0
[16/Aug/2025 12:43:24] "GET /todos HTTP/1.1" 301 0
[16/Aug/2025 12:43:24] "GET /todos/ HTTP/1.1" 200 3515
[16/Aug/2025 12:43:24] "GET /static/css/style.css HTTP/1.1" 200 225
Not Found: /favicon.ico
[16/Aug/2025 12:43:25] "GET /favicon.ico HTTP/1.1" 404 2845
Performing system checks...

August 16, 2025 - 12:42:55
Django version 5.2.5, using settings 'todoApp.settings'
Starting development server at http://0.0.0.0:8001/
Quit the server with CONTROL-C.

WARNING: This is a development server. Do not use it in a production setting. Use a production WSGI or ASGI server instead.
For more information on production servers see: https://docs.djangoproject.com/en/5.2/howto/deployment/
Watching for file changes with StatReloader
System check identified some issues:

WARNINGS:
todos.Todo: (models.W042) Auto-created primary key used when not defining a primary key type, by default 'django.db.models.AutoField'.
	HINT: Configure the DEFAULT_AUTO_FIELD setting or the TodosConfig.default_auto_field attribute to point to a subclass of AutoField, e.g. 'django.db.models.BigAutoField'.

System check identified 1 issue (0 silenced).
[16/Aug/2025 12:45:05] "GET / HTTP/1.1" 302 0
[16/Aug/2025 12:45:05] "GET /todos HTTP/1.1" 301 0
[16/Aug/2025 12:45:05] "GET /todos/ HTTP/1.1" 200 3515
[16/Aug/2025 12:45:05] "GET /static/css/style.css HTTP/1.1" 200 225
Not Found: /favicon.ico
[16/Aug/2025 12:45:06] "GET /favicon.ico HTTP/1.1" 404 2845
Performing system checks...

August 16, 2025 - 12:44:54
Django version 5.2.5, using settings 'todoApp.settings'
Starting development server at http://0.0.0.0:8002/
Quit the server with CONTROL-C.

WARNING: This is a development server. Do not use it in a production setting. Use a production WSGI or ASGI server instead.
For more information on production servers see: https://docs.djangoproject.com/en/5.2/howto/deployment/
